// Jest Snapshot v1, https://goo.gl/fbAQLP

exports[`pruebas en  gif item debe de hacer match con el snapshot 1`] = `
<div>
  <div
    class="card"
  >
    <img
      alt="Saitama"
      src="https://one-punch.com/"
    />
    <p>
      Saitama
       
    </p>
  </div>
</div>
`;
